<html>
<body>
<pre>
<h1>µVision Build Log</h1>
<h2>Tool Versions:</h2>
IDE-Version: µVision V5.21.1.0
Copyright (C) 2016 ARM Ltd and ARM Germany GmbH. All rights reserved.
License Information: Akshit Kumar, IIT Madras, LIC=----
 
Tool Versions:
Toolchain:       MDK-Lite  Version: 5.21a
Toolchain Path:  C:\Keil_v5\ARM\ARMCC\Bin
C Compiler:      Armcc.exe V5.06 update 3 (build 300)
Assembler:       Armasm.exe V5.06 update 3 (build 300)
Linker/Locator:  ArmLink.exe V5.06 update 3 (build 300)
Library Manager: ArmAr.exe V5.06 update 3 (build 300)
Hex Converter:   FromElf.exe V5.06 update 3 (build 300)
CPU DLL:         SARM.DLL V5.21a
Dialog DLL:      DARMP.DLL V1.52.0.0
Target DLL:      UL2ARM.DLL V1.74.9.0
Dialog DLL:      TARMP.DLL V1.52.0.0
 
<h2>Project:</h2>
C:\Users\akshitk\Documents\EE3701\Exp 9\Hardware\dac\saw\saw.uvproj
Project File Date:  11/02/2016

<h2>Output:</h2>
*** Using Compiler 'V5.06 update 3 (build 300)', folder: 'C:\Keil_v5\ARM\ARMCC\Bin'
Build target 'Target 1'
compiling saw.c...
saw.c(30): warning:  #111-D: statement is unreachable
  return 0;
saw.c: 1 warning, 0 errors
assembling LPC2300.s...
linking...
Program Size: Code=592 RO-data=16 RW-data=0 ZI-data=1384  
".\Objects\saw.axf" - 0 Error(s), 1 Warning(s).
Build Time Elapsed:  00:00:00
</pre>
</body>
</html>
