Component: ARM Compiler 5.06 update 3 (build 300) Tool: armlink [4d35c9]

==============================================================================

Section Cross References

    lpc2300.o(RESET) refers to lpc2300.o(STACK) for Stack_Top
    lpc2300.o(RESET) refers to entry.o(.ARM.Collect$$$$00000000) for __main
    round-robin.o(i.main) refers to round-robin.o(i.delay) for delay
    entry.o(.ARM.Collect$$$$00000000) refers (Special) to entry10a.o(.ARM.Collect$$$$0000000D) for __rt_final_cpp
    entry.o(.ARM.Collect$$$$00000000) refers (Special) to entry11a.o(.ARM.Collect$$$$0000000F) for __rt_final_exit
    entry.o(.ARM.Collect$$$$00000000) refers (Special) to entry7b.o(.ARM.Collect$$$$00000008) for _main_clock
    entry.o(.ARM.Collect$$$$00000000) refers (Special) to entry8b.o(.ARM.Collect$$$$0000000A) for _main_cpp_init
    entry.o(.ARM.Collect$$$$00000000) refers (Special) to entry9a.o(.ARM.Collect$$$$0000000B) for _main_init
    entry.o(.ARM.Collect$$$$00000000) refers (Special) to entry5.o(.ARM.Collect$$$$00000004) for _main_scatterload
    entry.o(.ARM.Collect$$$$00000000) refers (Special) to entry2.o(.ARM.Collect$$$$00000001) for _main_stk
    entry2.o(.ARM.Collect$$$$00000001) refers to entry2.o(.ARM.Collect$$$$00002712) for __lit__00000000
    entry2.o(.ARM.Collect$$$$00002712) refers to lpc2300.o(STACK) for __initial_sp
    entry5.o(.ARM.Collect$$$$00000004) refers to init.o(.text) for __scatterload
    entry9a.o(.ARM.Collect$$$$0000000B) refers to round-robin.o(i.main) for main
    entry9b.o(.ARM.Collect$$$$0000000C) refers to round-robin.o(i.main) for main
    init.o(.text) refers to init.o(i.__ARM_common_call_via_r3) for __ARM_common_call_via_r3
    init.o(.text) refers to entry5.o(.ARM.Collect$$$$00000004) for __main_after_scatterload


==============================================================================

Removing Unused input sections from the image.

    Removing lpc2300.o(HEAP), (0 bytes).
    Removing lpc2300.o(RESET), (556 bytes).

2 unused section(s) (total 556 bytes) removed from the image.

==============================================================================

Adding Veneers to the image

    Adding AT veneer (8 bytes, Inline) for call to '__scatterload' from entry5.o(.ARM.Collect$$$$00000004).
    Adding TA veneer (8 bytes, Short) for call to '__main_after_scatterload' from init.o(.text).

2 Veneer(s) (total 16 bytes) added to the image.

==============================================================================

Image Symbol Table

    Local Symbols

    Symbol Name                              Value     Ov Type        Size  Object(Section)

    .ARM.Collect$$$$00000000                 0x00000000   Section        0  entry.o(.ARM.Collect$$$$00000000)
    .ARM.Collect$$$$00000001                 0x00000000   Section        4  entry2.o(.ARM.Collect$$$$00000001)
    ../clib/microlib/init/entry.s            0x00000000   Number         0  entry8a.o ABSOLUTE
    ../clib/microlib/init/entry.s            0x00000000   Number         0  entry7a.o ABSOLUTE
    ../clib/microlib/init/entry.s            0x00000000   Number         0  entry7b.o ABSOLUTE
    ../clib/microlib/init/entry.s            0x00000000   Number         0  entry8b.o ABSOLUTE
    ../clib/microlib/init/entry.s            0x00000000   Number         0  entry11b.o ABSOLUTE
    ../clib/microlib/init/entry.s            0x00000000   Number         0  entry11a.o ABSOLUTE
    ../clib/microlib/init/entry.s            0x00000000   Number         0  entry.o ABSOLUTE
    ../clib/microlib/init/entry.s            0x00000000   Number         0  entry10b.o ABSOLUTE
    ../clib/microlib/init/entry.s            0x00000000   Number         0  entry2.o ABSOLUTE
    ../clib/microlib/init/entry.s            0x00000000   Number         0  entry10a.o ABSOLUTE
    ../clib/microlib/init/entry.s            0x00000000   Number         0  entry9b.o ABSOLUTE
    ../clib/microlib/init/entry.s            0x00000000   Number         0  entry5.o ABSOLUTE
    ../clib/microlib/init/entry.s            0x00000000   Number         0  entry9a.o ABSOLUTE
    LPC2300.s                                0x00000000   Number         0  lpc2300.o ABSOLUTE
    dc.s                                     0x00000000   Number         0  dc.o ABSOLUTE
    handlers.s                               0x00000000   Number         0  handlers.o ABSOLUTE
    init.s                                   0x00000000   Number         0  init.o ABSOLUTE
    round-robin.c                            0x00000000   Number         0  round-robin.o ABSOLUTE
    .ARM.Collect$$$$00000004                 0x00000004   Section        4  entry5.o(.ARM.Collect$$$$00000004)
    .ARM.Collect$$$$00000008                 0x00000008   Section        0  entry7b.o(.ARM.Collect$$$$00000008)
    .ARM.Collect$$$$0000000A                 0x00000008   Section        0  entry8b.o(.ARM.Collect$$$$0000000A)
    .ARM.Collect$$$$0000000B                 0x00000008   Section       12  entry9a.o(.ARM.Collect$$$$0000000B)
    .ARM.Collect$$$$0000000D                 0x00000014   Section        0  entry10a.o(.ARM.Collect$$$$0000000D)
    .ARM.Collect$$$$0000000F                 0x00000014   Section        0  entry11a.o(.ARM.Collect$$$$0000000F)
    .ARM.Collect$$$$00002712                 0x00000014   Section        4  entry2.o(.ARM.Collect$$$$00002712)
    __lit__00000000                          0x00000014   Data           4  entry2.o(.ARM.Collect$$$$00002712)
    .text                                    0x00000020   Section       32  init.o(.text)
    i.__ARM_common_call_via_r3               0x00000048   Section        2  init.o(i.__ARM_common_call_via_r3)
    i.__scatterload_copy                     0x0000004c   Section       28  handlers.o(i.__scatterload_copy)
    i.__scatterload_null                     0x00000068   Section        4  handlers.o(i.__scatterload_null)
    i.__scatterload_zeroinit                 0x0000006c   Section       24  handlers.o(i.__scatterload_zeroinit)
    i.delay                                  0x00000084   Section        0  round-robin.o(i.delay)
    i.main                                   0x000000a4   Section        0  round-robin.o(i.main)
    STACK                                    0x40000000   Section     1288  lpc2300.o(STACK)
    Stack_Top                                0x40000508   Data           0  lpc2300.o(STACK)

    Global Symbols

    Symbol Name                              Value     Ov Type        Size  Object(Section)

    BuildAttributes$$THM_ISAv1$ARM_ISAv4$S$PE$A:L22$X:L11$S22$IEEE1$IW$USESV6$~STKCKD$USESV7$~SHL$OSPACE$EBA8$MICROLIB$REQ8$PRES8$EABIv2 0x00000000   Number         0  anon$$obj.o ABSOLUTE
    __ARM_use_no_argv                        0x00000000   Number         0  round-robin.o ABSOLUTE
    __main                                   0x00000000   ARM Code       0  entry.o(.ARM.Collect$$$$00000000)
    _main_stk                                0x00000000   ARM Code       0  entry2.o(.ARM.Collect$$$$00000001)
    __cpp_initialize__aeabi_                  - Undefined Weak Reference
    __cxa_finalize                            - Undefined Weak Reference
    __decompress                              - Undefined Weak Reference
    _clock_init                               - Undefined Weak Reference
    _microlib_exit                            - Undefined Weak Reference
    _main_scatterload                        0x00000004   ARM Code       0  entry5.o(.ARM.Collect$$$$00000004)
    __main_after_scatterload                 0x00000008   ARM Code       0  entry5.o(.ARM.Collect$$$$00000004)
    _main_clock                              0x00000008   ARM Code       0  entry7b.o(.ARM.Collect$$$$00000008)
    _main_cpp_init                           0x00000008   ARM Code       0  entry8b.o(.ARM.Collect$$$$0000000A)
    _main_init                               0x00000008   ARM Code       0  entry9a.o(.ARM.Collect$$$$0000000B)
    __rt_final_cpp                           0x00000014   ARM Code       0  entry10a.o(.ARM.Collect$$$$0000000D)
    __rt_final_exit                          0x00000014   ARM Code       0  entry11a.o(.ARM.Collect$$$$0000000F)
    Inline ARM to Thumb Veneer to __scatterload 0x00000018   ARM Code       8  init.o(.text)
    __scatterload                            0x00000021   Thumb Code    24  init.o(.text)
    __scatterload_rt2                        0x00000021   Thumb Code     0  init.o(.text)
    Short Thumb to ARM Veneer to __main_after_scatterload 0x00000041   Thumb Code     8  anon$$obj.o(Veneer$$Code)
    __ARM_common_call_via_r3                 0x00000049   Thumb Code     2  init.o(i.__ARM_common_call_via_r3)
    __scatterload_copy                       0x0000004c   ARM Code      28  handlers.o(i.__scatterload_copy)
    __scatterload_null                       0x00000068   ARM Code       4  handlers.o(i.__scatterload_null)
    __scatterload_zeroinit                   0x0000006c   ARM Code      24  handlers.o(i.__scatterload_zeroinit)
    delay                                    0x00000084   ARM Code      28  round-robin.o(i.delay)
    main                                     0x000000a4   ARM Code      64  round-robin.o(i.main)
    Region$$Table$$Base                      0x000000ec   Number         0  anon$$obj.o(Region$$Table)
    Region$$Table$$Limit                     0x000000fc   Number         0  anon$$obj.o(Region$$Table)
    __initial_sp                             0x40000400   Data         264  lpc2300.o(STACK)



==============================================================================

Memory Map of the image

  Image Entry point : 0x00000000

  Load Region LR_1 (Base: 0x00000000, Size: 0x000000fc, Max: 0xffffffff, ABSOLUTE)

    Execution Region ER_RO (Base: 0x00000000, Size: 0x000000fc, Max: 0xffffffff, ABSOLUTE)

    Base Addr    Size         Type   Attr      Idx    E Section Name        Object

    0x00000000   0x00000000   Code   RO           30  * .ARM.Collect$$$$00000000  mc_t.l(entry.o)
    0x00000000   0x00000004   Code   RO           33  * .ARM.Collect$$$$00000001  mc_t.l(entry2.o)
    0x00000004   0x00000004   Code   RO           35    .ARM.Collect$$$$00000004  mc_t.l(entry5.o)
    0x00000008   0x00000000   Code   RO           37    .ARM.Collect$$$$00000008  mc_t.l(entry7b.o)
    0x00000008   0x00000000   Code   RO           39    .ARM.Collect$$$$0000000A  mc_t.l(entry8b.o)
    0x00000008   0x0000000c   Code   RO           40    .ARM.Collect$$$$0000000B  mc_t.l(entry9a.o)
    0x00000014   0x00000000   Code   RO           42    .ARM.Collect$$$$0000000D  mc_t.l(entry10a.o)
    0x00000014   0x00000000   Code   RO           44    .ARM.Collect$$$$0000000F  mc_t.l(entry11a.o)
    0x00000014   0x00000004   Code   RO           34    .ARM.Collect$$$$00002712  mc_t.l(entry2.o)
    0x00000018   0x00000008   Ven    RO           46    .text               mc_t.l(init.o)
    0x00000020   0x00000020   Code   RO           46    .text               mc_t.l(init.o)
    0x00000040   0x00000008   Ven    RO           59    Veneer$$Code        anon$$obj.o
    0x00000048   0x00000002   Code   RO           48    i.__ARM_common_call_via_r3  mc_t.l(init.o)
    0x0000004a   0x00000002   PAD
    0x0000004c   0x0000001c   Code   RO           52    i.__scatterload_copy  mc_t.l(handlers.o)
    0x00000068   0x00000004   Code   RO           53    i.__scatterload_null  mc_t.l(handlers.o)
    0x0000006c   0x00000018   Code   RO           54    i.__scatterload_zeroinit  mc_t.l(handlers.o)
    0x00000084   0x00000020   Code   RO            8    i.delay             round-robin.o
    0x000000a4   0x00000048   Code   RO            9    i.main              round-robin.o
    0x000000ec   0x00000010   Data   RO           50    Region$$Table       anon$$obj.o


    Execution Region ER_RW (Base: 0x40000000, Size: 0x00000000, Max: 0xffffffff, ABSOLUTE)

    **** No section assigned to this execution region ****


    Execution Region ER_ZI (Base: 0x40000000, Size: 0x00000508, Max: 0xffffffff, ABSOLUTE)

    Base Addr    Size         Type   Attr      Idx    E Section Name        Object

    0x40000000   0x00000508   Zero   RW            1    STACK               lpc2300.o


==============================================================================

Image component sizes


      Code (inc. data)   RO Data    RW Data    ZI Data      Debug   Object Name

         0          0          0          0       1288          0   lpc2300.o
       104         12          0          0          0       2319   round-robin.o

    ----------------------------------------------------------------------
       112         12         16          0       1288       2319   Object Totals
         8          0         16          0          0          0   (incl. Generated)
         0          0          0          0          0          0   (incl. Padding)

    ----------------------------------------------------------------------

      Code (inc. data)   RO Data    RW Data    ZI Data      Debug   Library Member Name

         0          0          0          0          0          0   entry.o
         0          0          0          0          0          0   entry10a.o
         0          0          0          0          0          0   entry11a.o
         8          4          0          0          0          0   entry2.o
         4          0          0          0          0          0   entry5.o
         0          0          0          0          0          0   entry7b.o
         0          0          0          0          0          0   entry8b.o
        12          4          0          0          0          0   entry9a.o
        56          0          0          0          0          0   handlers.o
        42          8          0          0          0        136   init.o

    ----------------------------------------------------------------------
       124         16          0          0          0        136   Library Totals
         2          0          0          0          0          0   (incl. Padding)

    ----------------------------------------------------------------------

      Code (inc. data)   RO Data    RW Data    ZI Data      Debug   Library Name

       122         16          0          0          0        136   mc_t.l

    ----------------------------------------------------------------------
       124         16          0          0          0        136   Library Totals

    ----------------------------------------------------------------------

==============================================================================


      Code (inc. data)   RO Data    RW Data    ZI Data      Debug   

       236         28         16          0       1288       2607   Grand Totals
       236         28         16          0       1288       2607   ELF Image Totals
       236         28         16          0          0          0   ROM Totals

==============================================================================

    Total RO  Size (Code + RO Data)                  252 (   0.25kB)
    Total RW  Size (RW Data + ZI Data)              1288 (   1.26kB)
    Total ROM Size (Code + RO Data + RW Data)        252 (   0.25kB)

==============================================================================

